This is pdfTeX, Version 3.141592653-2.6-1.40.28 (MiKTeX 25.12) (preloaded format=pdflatex 2026.2.27)  7 MAY 2026 17:27
entering extended mode
 restricted \write18 enabled.
 file:line:error style messages enabled.
 %&-line parsing enabled.
**"c:/Users/edoma/Desktop/Apunti_Latex/Quantistica/Spin e sistemi a molte particelle/Spin e sistemi a molte particelle.tex"
(c:/Users/edoma/Desktop/Apunti_Latex/Quantistica/Spin e sistemi a molte particelle/Spin e sistemi a molte particelle.tex
LaTeX2e <2025-11-01>
L3 programming layer <2025-12-24>
(C:\Users\edoma\AppData\Local\Programs\MiKTeX\tex/latex/base\article.cls
Document Class: article 2025/01/22 v1.4n Standard LaTeX document class
(C:\Users\edoma\AppData\Local\Programs\MiKTeX\tex/latex/base\size11.clo
File: size11.clo 2025/01/22 v1.4n Standard LaTeX file (size option)
)
\c@part=\count275
\c@section=\count276
\c@subsection=\count277
\c@subsubsection=\count278
\c@paragraph=\count279
\c@subparagraph=\count280
\c@figure=\count281
\c@table=\count282
\abovecaptionskip=\skip49
\belowcaptionskip=\skip50
\bibindent=\dimen148
) (C:\Users\edoma\AppData\Local\Programs\MiKTeX\tex/latex/base\inputenc.sty
Package: inputenc 2024/02/08 v1.3d Input encoding file
\inpenc@prehook=\toks17
\inpenc@posthook=\toks18
) (C:\Users\edoma\AppData\Local\Programs\MiKTeX\tex/generic/babel\babel.sty
Package: babel 2025/12/11 v25.17 The multilingual framework for LuaLaTeX, pdfLaTeX and XeLaTeX
\babel@savecnt=\count283
LaTeX Encoding Info:    Redeclaring text command \ij (encoding OT1) on input line 2068.
LaTeX Encoding Info:    Redeclaring text command \IJ (encoding OT1) on input line 2070.
LaTeX Encoding Info:    Redeclaring text command \ij (encoding T1) on input line 2072.
LaTeX Encoding Info:    Redeclaring text command \IJ (encoding T1) on input line 2073.
LaTeX Encoding Info:    Ignoring declaration for text command \ij (encoding ?) on input line 2074.
LaTeX Encoding Info:    Ignoring declaration for text command \IJ (encoding ?) on input line 2076.
LaTeX Encoding Info:    Ignoring declaration for text command \SS (encoding ?) on input line 2101.
\U@D=\dimen149
\l@unhyphenated=\language79
 (C:\Users\edoma\AppData\Local\Programs\MiKTeX\tex/generic/babel\txtbabel.def)
\bbl@readstream=\read2
\bbl@dirlevel=\count284
Package babel Info: Configuration files are deprecated, as
(babel)             they can break document portability.
(babel)             Reported on input line 4196.

*************************************
* Local config file bblopts.cfg used
*
(C:\Users\edoma\AppData\Local\Programs\MiKTeX\tex/latex/arabi\bblopts.cfg
File: bblopts.cfg 2005/09/08 v0.1 add Arabic and Farsi to "declared" options of babel
) (C:\Users\edoma\AppData\Local\Programs\MiKTeX\tex/generic/babel/locale/it\babel-italian.tex)
Package babel Info: Importing font and identification data for italian
(babel)             from babel-it.ini. Reported on input line 4320.
 (C:\Users\edoma\AppData\Local\Programs\MiKTeX\tex/latex/babel-italian\italian.ldf
Language: italian 2026/01/13 v.1.5.02 Italian support for the babel system
\it@lettering=\count285
\it@doublequoteactive=\count286
\it@ISOcompliance=\count287
)) (C:\Users\edoma\AppData\Local\Programs\MiKTeX\tex/latex/etoolbox\etoolbox.sty
Package: etoolbox 2025/10/02 v2.5m e-TeX tools for LaTeX (JAW)
\etb@tempcnta=\count288
) (C:\Users\edoma\AppData\Local\Programs\MiKTeX\tex/latex/amsmath\amsmath.sty
Package: amsmath 2025/07/09 v2.17z AMS math features
\@mathmargin=\skip51

For additional information on amsmath, use the `?' option.
(C:\Users\edoma\AppData\Local\Programs\MiKTeX\tex/latex/amsmath\amstext.sty
Package: amstext 2024/11/17 v2.01 AMS text
 (C:\Users\edoma\AppData\Local\Programs\MiKTeX\tex/latex/amsmath\amsgen.sty
File: amsgen.sty 1999/11/30 v2.0 generic functions
\@emptytoks=\toks19
\ex@=\dimen150
)) (C:\Users\edoma\AppData\Local\Programs\MiKTeX\tex/latex/amsmath\amsbsy.sty
Package: amsbsy 1999/11/29 v1.2d Bold Symbols
\pmbraise@=\dimen151
) (C:\Users\edoma\AppData\Local\Programs\MiKTeX\tex/latex/amsmath\amsopn.sty
Package: amsopn 2022/04/08 v2.04 operator names
)
\inf@bad=\count289
LaTeX Info: Redefining \frac on input line 233.
\uproot@=\count290
\leftroot@=\count291
LaTeX Info: Redefining \overline on input line 398.
LaTeX Info: Redefining \colon on input line 409.
\classnum@=\count292
\DOTSCASE@=\count293
LaTeX Info: Redefining \ldots on input line 495.
LaTeX Info: Redefining \dots on input line 498.
LaTeX Info: Redefining \cdots on input line 619.
\Mathstrutbox@=\box53
\strutbox@=\box54
LaTeX Info: Redefining \big on input line 721.
LaTeX Info: Redefining \Big on input line 722.
LaTeX Info: Redefining \bigg on input line 723.
LaTeX Info: Redefining \Bigg on input line 724.
\big@size=\dimen152
LaTeX Font Info:    Redeclaring font encoding OML on input line 742.
LaTeX Font Info:    Redeclaring font encoding OMS on input line 743.
\macc@depth=\count294
LaTeX Info: Redefining \bmod on input line 904.
LaTeX Info: Redefining \pmod on input line 909.
LaTeX Info: Redefining \smash on input line 939.
LaTeX Info: Redefining \relbar on input line 969.
LaTeX Info: Redefining \Relbar on input line 970.
\c@MaxMatrixCols=\count295
\dotsspace@=\muskip17
\c@parentequation=\count296
\dspbrk@lvl=\count297
\tag@help=\toks20
\row@=\count298
\column@=\count299
\maxfields@=\count300
\andhelp@=\toks21
\eqnshift@=\dimen153
\alignsep@=\dimen154
\tagshift@=\dimen155
\tagwidth@=\dimen156
\totwidth@=\dimen157
\lineht@=\dimen158
\@envbody=\toks22
\multlinegap=\skip52
\multlinetaggap=\skip53
\mathdisplay@stack=\toks23
LaTeX Info: Redefining \[ on input line 2950.
LaTeX Info: Redefining \] on input line 2951.
) (C:\Users\edoma\AppData\Local\Programs\MiKTeX\tex/latex/amsfonts\amssymb.sty
Package: amssymb 2013/01/14 v3.01 AMS font symbols
 (C:\Users\edoma\AppData\Local\Programs\MiKTeX\tex/latex/amsfonts\amsfonts.sty
Package: amsfonts 2013/01/14 v3.01 Basic AMSFonts support
\symAMSa=\mathgroup4
\symAMSb=\mathgroup5
LaTeX Font Info:    Redeclaring math symbol \hbar on input line 98.
LaTeX Font Info:    Overwriting math alphabet `\mathfrak' in version `bold'
(Font)                  U/euf/m/n --> U/euf/b/n on input line 106.
)) (C:\Users\edoma\AppData\Local\Programs\MiKTeX\tex/latex/cancel\cancel.sty
Package: cancel 2013/04/12 v2.2 Cancel math terms
) (C:\Users\edoma\AppData\Local\Programs\MiKTeX\tex/latex/graphics\graphicx.sty
Package: graphicx 2024/12/31 v1.2e Enhanced LaTeX Graphics (DPC,SPQR)
 (C:\Users\edoma\AppData\Local\Programs\MiKTeX\tex/latex/graphics\keyval.sty
Package: keyval 2022/05/29 v1.15 key=value parser (DPC)
\KV@toks@=\toks24
) (C:\Users\edoma\AppData\Local\Programs\MiKTeX\tex/latex/graphics\graphics.sty
Package: graphics 2024/08/06 v1.4g Standard LaTeX Graphics (DPC,SPQR)
 (C:\Users\edoma\AppData\Local\Programs\MiKTeX\tex/latex/graphics\trig.sty
Package: trig 2023/12/02 v1.11 sin cos tan (DPC)
) (C:\Users\edoma\AppData\Local\Programs\MiKTeX\tex/latex/graphics-cfg\graphics.cfg
File: graphics.cfg 2016/06/04 v1.11 sample graphics configuration
)
Package graphics Info: Driver file: pdftex.def on input line 106.
 (C:\Users\edoma\AppData\Local\Programs\MiKTeX\tex/latex/graphics-def\pdftex.def
File: pdftex.def 2025/09/29 v1.2d Graphics/color driver for pdftex
))
\Gin@req@height=\dimen159
\Gin@req@width=\dimen160
) (C:\Users\edoma\AppData\Local\Programs\MiKTeX\tex/latex/geometry\geometry.sty
Package: geometry 2020/01/02 v5.9 Page Geometry
 (C:\Users\edoma\AppData\Local\Programs\MiKTeX\tex/generic/iftex\ifvtex.sty
Package: ifvtex 2019/10/25 v1.7 ifvtex legacy package. Use iftex instead.
 (C:\Users\edoma\AppData\Local\Programs\MiKTeX\tex/generic/iftex\iftex.sty
Package: iftex 2024/12/12 v1.0g TeX engine tests
))
\Gm@cnth=\count301
\Gm@cntv=\count302
\c@Gm@tempcnt=\count303
\Gm@bindingoffset=\dimen161
\Gm@wd@mp=\dimen162
\Gm@odd@mp=\dimen163
\Gm@even@mp=\dimen164
\Gm@layoutwidth=\dimen165
\Gm@layoutheight=\dimen166
\Gm@layouthoffset=\dimen167
\Gm@layoutvoffset=\dimen168
\Gm@dimlist=\toks25
 (C:\Users\edoma\AppData\Local\Programs\MiKTeX\tex/latex/geometry\geometry.cfg)) (C:\Users\edoma\AppData\Local\Programs\MiKTeX\tex/latex/booktabs\booktabs.sty
Package: booktabs 2020/01/12 v1.61803398 Publication quality tables
\heavyrulewidth=\dimen169
\lightrulewidth=\dimen170
\cmidrulewidth=\dimen171
\belowrulesep=\dimen172
\belowbottomsep=\dimen173
\aboverulesep=\dimen174
\abovetopsep=\dimen175
\cmidrulesep=\dimen176
\cmidrulekern=\dimen177
\defaultaddspace=\dimen178
\@cmidla=\count304
\@cmidlb=\count305
\@aboverulesep=\dimen179
\@belowrulesep=\dimen180
\@thisruleclass=\count306
\@lastruleclass=\count307
\@thisrulewidth=\dimen181
) (C:\Users\edoma\AppData\Local\Programs\MiKTeX\tex/latex/multirow\multirow.sty
Package: multirow 2024/11/12 v2.9 Span multiple rows of a table
\multirow@colwidth=\skip54
\multirow@cntb=\count308
\multirow@dima=\skip55
\bigstrutjot=\dimen182
) (C:\Users\edoma\AppData\Local\Programs\MiKTeX\tex/latex/sectsty\sectsty.sty
Package: sectsty 2002/02/25 v2.0.2 Commands to change all sectional heading styles


LaTeX Warning: Command \underbar  has changed.
               Check if current package is valid.


LaTeX Warning: Command \underline  has changed.
               Check if current package is valid.

) (C:\Users\edoma\AppData\Local\Programs\MiKTeX\tex/latex/float\float.sty
Package: float 2001/11/08 v1.3d Float enhancements (AL)
\c@float@type=\count309
\float@exts=\toks26
\float@box=\box55
\@float@everytoks=\toks27
\@floatcapt=\box56
) (C:\Users\edoma\AppData\Local\Programs\MiKTeX\tex/latex/xcolor\xcolor.sty
Package: xcolor 2024/09/29 v3.02 LaTeX color extensions (UK)
 (C:\Users\edoma\AppData\Local\Programs\MiKTeX\tex/latex/graphics-cfg\color.cfg
File: color.cfg 2016/01/02 v1.6 sample color configuration
)
Package xcolor Info: Driver file: pdftex.def on input line 274.
 (C:\Users\edoma\AppData\Local\Programs\MiKTeX\tex/latex/graphics\mathcolor.ltx)
Package xcolor Info: Model `cmy' substituted by `cmy0' on input line 1349.
Package xcolor Info: Model `hsb' substituted by `rgb' on input line 1353.
Package xcolor Info: Model `RGB' extended on input line 1365.
Package xcolor Info: Model `HTML' substituted by `rgb' on input line 1367.
Package xcolor Info: Model `Hsb' substituted by `hsb' on input line 1368.
Package xcolor Info: Model `tHsb' substituted by `hsb' on input line 1369.
Package xcolor Info: Model `HSB' substituted by `hsb' on input line 1370.
Package xcolor Info: Model `Gray' substituted by `gray' on input line 1371.
Package xcolor Info: Model `wave' substituted by `hsb' on input line 1372.
) (C:\Users\edoma\AppData\Local\Programs\MiKTeX\tex/latex/l3backend\l3backend-pdftex.def
File: l3backend-pdftex.def 2025-10-09 L3 backend support: PDF output (pdfTeX)
\l__color_backend_stack_int=\count310
) (Spin e sistemi a molte particelle.aux)
\openout1 = `"Spin e sistemi a molte particelle.aux"'.

LaTeX Font Info:    Checking defaults for OML/cmm/m/it on input line 23.
LaTeX Font Info:    ... okay on input line 23.
LaTeX Font Info:    Checking defaults for OMS/cmsy/m/n on input line 23.
LaTeX Font Info:    ... okay on input line 23.
LaTeX Font Info:    Checking defaults for OT1/cmr/m/n on input line 23.
LaTeX Font Info:    ... okay on input line 23.
LaTeX Font Info:    Checking defaults for T1/cmr/m/n on input line 23.
LaTeX Font Info:    ... okay on input line 23.
LaTeX Font Info:    Checking defaults for TS1/cmr/m/n on input line 23.
LaTeX Font Info:    ... okay on input line 23.
LaTeX Font Info:    Checking defaults for OMX/cmex/m/n on input line 23.
LaTeX Font Info:    ... okay on input line 23.
LaTeX Font Info:    Checking defaults for U/cmr/m/n on input line 23.
LaTeX Font Info:    ... okay on input line 23.
LaTeX Info: Redefining \it@ocap on input line 23.
LaTeX Info: Redefining \it@ccap on input line 23.


File italian.ldf warning: 
italian.ldf    With OT1 encoding guillemets are poorly faked
italian.ldf    Use T1 encoding
italian.ldf    or specify a font with command \CaporaliFrom
italian.ldf    See the documentation concerning the babel-italian typesetting
italian.ldf    on input line 23.

(C:\Users\edoma\AppData\Local\Programs\MiKTeX\tex/context/base/mkii\supp-pdf.mkii
[Loading MPS to PDF converter (version 2006.09.02).]
\scratchcounter=\count311
\scratchdimen=\dimen183
\scratchbox=\box57
\nofMPsegments=\count312
\nofMParguments=\count313
\everyMPshowfont=\toks28
\MPscratchCnt=\count314
\MPscratchDim=\dimen184
\MPnumerator=\count315
\makeMPintoPDFobject=\count316
\everyMPtoPDFconversion=\toks29
) (C:\Users\edoma\AppData\Local\Programs\MiKTeX\tex/latex/epstopdf-pkg\epstopdf-base.sty
Package: epstopdf-base 2020-01-24 v2.11 Base part for package epstopdf
Package epstopdf-base Info: Redefining graphics rule for `.eps' on input line 485.
 (C:\Users\edoma\AppData\Local\Programs\MiKTeX\tex/latex/00miktex\epstopdf-sys.cfg
File: epstopdf-sys.cfg 2021/03/18 v2.0 Configuration of epstopdf for MiKTeX
))
*geometry* driver: auto-detecting
*geometry* detected driver: pdftex
*geometry* verbose mode - [ preamble ] result:
* driver: pdftex
* paper: a4paper
* layout: <same size as paper>
* layoutoffset:(h,v)=(0.0pt,0.0pt)
* modes: 
* h-part:(L,W,R)=(71.13188pt, 455.24411pt, 71.13188pt)
* v-part:(T,H,B)=(71.13188pt, 702.78308pt, 71.13188pt)
* \paperwidth=597.50787pt
* \paperheight=845.04684pt
* \textwidth=455.24411pt
* \textheight=702.78308pt
* \oddsidemargin=-1.1381pt
* \evensidemargin=-1.1381pt
* \topmargin=-38.1381pt
* \headheight=12.0pt
* \headsep=25.0pt
* \topskip=11.0pt
* \footskip=30.0pt
* \marginparwidth=50.0pt
* \marginparsep=10.0pt
* \columnsep=10.0pt
* \skip\footins=10.0pt plus 4.0pt minus 2.0pt
* \hoffset=0.0pt
* \voffset=0.0pt
* \mag=1000
* \@twocolumnfalse
* \@twosidefalse
* \@mparswitchfalse
* \@reversemarginfalse
* (1in=72.27pt=25.4mm, 1cm=28.453pt)

LaTeX Font Info:    Trying to load font information for U+msa on input line 24.
(C:\Users\edoma\AppData\Local\Programs\MiKTeX\tex/latex/amsfonts\umsa.fd
File: umsa.fd 2013/01/14 v3.01 AMS symbols A
)
LaTeX Font Info:    Trying to load font information for U+msb on input line 24.
 (C:\Users\edoma\AppData\Local\Programs\MiKTeX\tex/latex/amsfonts\umsb.fd
File: umsb.fd 2013/01/14 v3.01 AMS symbols B
) (Spin e sistemi a molte particelle.toc)
\tf@toc=\write3
\openout3 = `"Spin e sistemi a molte particelle.toc"'.

 [1

{C:/Users/edoma/AppData/Local/MiKTeX/fonts/map/pdftex/pdftex.map}]
<immagini/2026-05-07-14-59-28.png, id=9, 162.6075pt x 105.39375pt>
File: immagini/2026-05-07-14-59-28.png Graphic file (type png)
<use immagini/2026-05-07-14-59-28.png>
Package pdftex.def Info: immagini/2026-05-07-14-59-28.png  used on input line 36.
(pdftex.def)             Requested size: 136.57462pt x 88.52692pt.
<immagini/2026-05-07-14-59-48.png, id=10, 181.42781pt x 164.11313pt>
File: immagini/2026-05-07-14-59-48.png Graphic file (type png)
<use immagini/2026-05-07-14-59-48.png>
Package pdftex.def Info: immagini/2026-05-07-14-59-48.png  used on input line 51.
(pdftex.def)             Requested size: 136.57462pt x 123.54279pt.
<immagini/2026-05-07-15-00-39.png, id=11, 268.75406pt x 277.78781pt>
File: immagini/2026-05-07-15-00-39.png Graphic file (type png)
<use immagini/2026-05-07-15-00-39.png>
Package pdftex.def Info: immagini/2026-05-07-15-00-39.png  used on input line 67.
(pdftex.def)             Requested size: 136.57462pt x 141.16548pt.
 [2 <./immagini/2026-05-07-14-59-28.png> <./immagini/2026-05-07-14-59-48.png> <./immagini/2026-05-07-15-00-39.png>]
<immagini/2026-05-07-15-02-40.png, id=20, 209.28188pt x 241.65282pt>
File: immagini/2026-05-07-15-02-40.png Graphic file (type png)
<use immagini/2026-05-07-15-02-40.png>
Package pdftex.def Info: immagini/2026-05-07-15-02-40.png  used on input line 105.
(pdftex.def)             Requested size: 95.6018pt x 110.3873pt.
<immagini/2026-05-07-15-02-57.png, id=21, 204.765pt x 238.64156pt>
File: immagini/2026-05-07-15-02-57.png Graphic file (type png)
<use immagini/2026-05-07-15-02-57.png>
Package pdftex.def Info: immagini/2026-05-07-15-02-57.png  used on input line 127.
(pdftex.def)             Requested size: 95.6018pt x 111.4187pt.
 [3 <./immagini/2026-05-07-15-02-40.png> <./immagini/2026-05-07-15-02-57.png>]
<immagini/2026-05-07-15-05-43.png, id=28, 226.59656pt x 190.46156pt>
File: immagini/2026-05-07-15-05-43.png Graphic file (type png)
<use immagini/2026-05-07-15-05-43.png>
Package pdftex.def Info: immagini/2026-05-07-15-05-43.png  used on input line 182.
(pdftex.def)             Requested size: 136.57462pt x 114.7951pt.
 [4 <./immagini/2026-05-07-15-05-43.png>]
<immagini/2026-05-07-15-07-14.png, id=34, 630.85687pt x 231.86626pt>
File: immagini/2026-05-07-15-07-14.png Graphic file (type png)
<use immagini/2026-05-07-15-07-14.png>
Package pdftex.def Info: immagini/2026-05-07-15-07-14.png  used on input line 201.
(pdftex.def)             Requested size: 273.14923pt x 100.39398pt.
<immagini/2026-05-07-15-07-37.png, id=35, 442.65375pt x 198.7425pt>
File: immagini/2026-05-07-15-07-37.png Graphic file (type png)
<use immagini/2026-05-07-15-07-37.png>
Package pdftex.def Info: immagini/2026-05-07-15-07-37.png  used on input line 206.
(pdftex.def)             Requested size: 227.62206pt x 102.20038pt.
<immagini/2026-05-07-15-11-00.png, id=36, 260.47313pt x 176.15813pt>
File: immagini/2026-05-07-15-11-00.png Graphic file (type png)
<use immagini/2026-05-07-15-11-00.png>
Package pdftex.def Info: immagini/2026-05-07-15-11-00.png  used on input line 226.
(pdftex.def)             Requested size: 91.04742pt x 61.57562pt.
 [5 <./immagini/2026-05-07-15-07-14.png> <./immagini/2026-05-07-15-07-37.png> <./immagini/2026-05-07-15-11-00.png>] [6]
<immagini/2026-05-07-15-16-17.png, id=46, 243.15843pt x 242.40562pt>
File: immagini/2026-05-07-15-16-17.png Graphic file (type png)
<use immagini/2026-05-07-15-16-17.png>
Package pdftex.def Info: immagini/2026-05-07-15-16-17.png  used on input line 315.
(pdftex.def)             Requested size: 136.57462pt x 136.14938pt.
 [7 <./immagini/2026-05-07-15-16-17.png>] [8] [9]
<immagini/2026-05-07-15-26-29.png, id=57, 509.65407pt x 218.31563pt>
File: immagini/2026-05-07-15-26-29.png Graphic file (type png)
<use immagini/2026-05-07-15-26-29.png>
Package pdftex.def Info: immagini/2026-05-07-15-26-29.png  used on input line 485.
(pdftex.def)             Requested size: 163.88815pt x 70.2022pt.
 [10 <./immagini/2026-05-07-15-26-29.png>] [11]
<immagini/2026-05-07-15-33-05.png, id=65, 429.10312pt x 211.54031pt>
File: immagini/2026-05-07-15-33-05.png Graphic file (type png)
<use immagini/2026-05-07-15-33-05.png>
Package pdftex.def Info: immagini/2026-05-07-15-33-05.png  used on input line 574.
(pdftex.def)             Requested size: 182.09486pt x 89.76947pt.
<immagini/2026-05-07-15-32-52.png, id=66, 550.30594pt x 255.20343pt>
File: immagini/2026-05-07-15-32-52.png Graphic file (type png)
<use immagini/2026-05-07-15-32-52.png>
Package pdftex.def Info: immagini/2026-05-07-15-32-52.png  used on input line 582.
(pdftex.def)             Requested size: 182.09486pt x 84.44714pt.
 [12 <./immagini/2026-05-07-15-33-05.png> <./immagini/2026-05-07-15-32-52.png>]
<immagini/2026-05-07-15-48-01.png, id=70, 892.08281pt x 242.40562pt>
File: immagini/2026-05-07-15-48-01.png Graphic file (type png)
<use immagini/2026-05-07-15-48-01.png>
Package pdftex.def Info: immagini/2026-05-07-15-48-01.png  used on input line 670.
(pdftex.def)             Requested size: 364.19667pt x 98.96158pt.
 [13 <./immagini/2026-05-07-15-48-01.png>]
<immagini/2026-05-07-15-45-16.png, id=75, 987.69pt x 562.35094pt>
File: immagini/2026-05-07-15-45-16.png Graphic file (type png)
<use immagini/2026-05-07-15-45-16.png>
Package pdftex.def Info: immagini/2026-05-07-15-45-16.png  used on input line 687.
(pdftex.def)             Requested size: 364.19667pt x 207.35439pt.
<immagini/2026-05-07-15-50-29.png, id=76, 179.92218pt x 228.10219pt>
File: immagini/2026-05-07-15-50-29.png Graphic file (type png)
<use immagini/2026-05-07-15-50-29.png>
Package pdftex.def Info: immagini/2026-05-07-15-50-29.png  used on input line 708.
(pdftex.def)             Requested size: 109.2601pt x 138.52257pt.
<immagini/2026-05-07-15-50-57.png, id=77, 346.29375pt x 268.00125pt>
File: immagini/2026-05-07-15-50-57.png Graphic file (type png)
<use immagini/2026-05-07-15-50-57.png>
Package pdftex.def Info: immagini/2026-05-07-15-50-57.png  used on input line 718.
(pdftex.def)             Requested size: 136.57462pt x 105.69778pt.
 [14 <./immagini/2026-05-07-15-45-16.png> <./immagini/2026-05-07-15-50-29.png>]
<immagini/2026-05-07-15-54-54.png, id=81, 265.74281pt x 152.06813pt>
File: immagini/2026-05-07-15-54-54.png Graphic file (type png)
<use immagini/2026-05-07-15-54-54.png>
Package pdftex.def Info: immagini/2026-05-07-15-54-54.png  used on input line 744.
(pdftex.def)             Requested size: 136.57462pt x 78.15468pt.
<immagini/2026-05-07-15-55-06.png, id=82, 249.93375pt x 198.7425pt>
File: immagini/2026-05-07-15-55-06.png Graphic file (type png)
<use immagini/2026-05-07-15-55-06.png>
Package pdftex.def Info: immagini/2026-05-07-15-55-06.png  used on input line 762.
(pdftex.def)             Requested size: 136.57462pt x 108.60515pt.
 [15 <./immagini/2026-05-07-15-50-57.png> <./immagini/2026-05-07-15-54-54.png> <./immagini/2026-05-07-15-55-06.png>]
<immagini/2026-05-07-15-56-29.png, id=86, 211.54031pt x 189.70876pt>
File: immagini/2026-05-07-15-56-29.png Graphic file (type png)
<use immagini/2026-05-07-15-56-29.png>
Package pdftex.def Info: immagini/2026-05-07-15-56-29.png  used on input line 788.
(pdftex.def)             Requested size: 91.04742pt x 81.65132pt.
<immagini/2026-05-07-15-56-42.png, id=87, 188.20313pt x 177.66376pt>
File: immagini/2026-05-07-15-56-42.png Graphic file (type png)
<use immagini/2026-05-07-15-56-42.png>
Package pdftex.def Info: immagini/2026-05-07-15-56-42.png  used on input line 799.
(pdftex.def)             Requested size: 91.04742pt x 85.94994pt.
<immagini/2026-05-07-15-59-02.png, id=88, 268.75406pt x 185.94469pt>
File: immagini/2026-05-07-15-59-02.png Graphic file (type png)
<use immagini/2026-05-07-15-59-02.png>
Package pdftex.def Info: immagini/2026-05-07-15-59-02.png  used on input line 825.
(pdftex.def)             Requested size: 136.57462pt x 94.49289pt.
<immagini/2026-05-07-16-00-07.png, id=89, 252.19218pt x 184.43906pt>
File: immagini/2026-05-07-16-00-07.png Graphic file (type png)
<use immagini/2026-05-07-16-00-07.png>
Package pdftex.def Info: immagini/2026-05-07-16-00-07.png  used on input line 842.
(pdftex.def)             Requested size: 136.57462pt x 99.88266pt.
 [16 <./immagini/2026-05-07-15-56-29.png> <./immagini/2026-05-07-15-56-42.png> <./immagini/2026-05-07-15-59-02.png>]
<immagini/2026-05-07-16-01-06.png, id=93, 329.73187pt x 167.87718pt>
File: immagini/2026-05-07-16-01-06.png Graphic file (type png)
<use immagini/2026-05-07-16-01-06.png>
Package pdftex.def Info: immagini/2026-05-07-16-01-06.png  used on input line 858.
(pdftex.def)             Requested size: 136.57462pt x 69.53708pt.
 [17 <./immagini/2026-05-07-16-00-07.png> <./immagini/2026-05-07-16-01-06.png>]
<immagini/2026-05-07-17-22-12.png, id=97, 467.49657pt x 227.34938pt>
File: immagini/2026-05-07-17-22-12.png Graphic file (type png)
<use immagini/2026-05-07-17-22-12.png>
Package pdftex.def Info: immagini/2026-05-07-17-22-12.png  used on input line 915.
(pdftex.def)             Requested size: 159.33821pt x 77.48856pt.
 [18 <./immagini/2026-05-07-17-22-12.png>] (Spin e sistemi a molte particelle.aux)
 ***********
LaTeX2e <2025-11-01>
L3 programming layer <2025-12-24>
 ***********
 ) 
Here is how much of TeX's memory you used:
 5726 strings out of 467871
 93725 string characters out of 5418376
 534024 words of memory out of 5000000
 34524 multiletter control sequences out of 15000+600000
 641066 words of font info for 90 fonts, out of 8000000 for 9000
 1141 hyphenation exceptions out of 8191
 57i,18n,65p,569b,387s stack positions out of 10000i,1000n,20000p,200000b,200000s
 <C:\Users\edoma\AppData\Local\MiKTeX\fonts/pk/ljfour/jknappen/ec/dpi600\tcrm1095.pk><C:/Users/edoma/AppData/Local/Programs/MiKTeX/fonts/type1/public/amsfonts/cm/cmbx10.pfb><C:/Users/edoma/AppData/Local/Programs/MiKTeX/fonts/type1/public/amsfonts/cm/cmbx12.pfb><C:/Users/edoma/AppData/Local/Programs/MiKTeX/fonts/type1/public/amsfonts/cm/cmbxti10.pfb><C:/Users/edoma/AppData/Local/Programs/MiKTeX/fonts/type1/public/amsfonts/cm/cmex10.pfb><C:/Users/edoma/AppData/Local/Programs/MiKTeX/fonts/type1/public/amsfonts/cm/cmmi10.pfb><C:/Users/edoma/AppData/Local/Programs/MiKTeX/fonts/type1/public/amsfonts/cm/cmmi12.pfb><C:/Users/edoma/AppData/Local/Programs/MiKTeX/fonts/type1/public/amsfonts/cm/cmmi6.pfb><C:/Users/edoma/AppData/Local/Programs/MiKTeX/fonts/type1/public/amsfonts/cm/cmmi8.pfb><C:/Users/edoma/AppData/Local/Programs/MiKTeX/fonts/type1/public/amsfonts/cm/cmr10.pfb><C:/Users/edoma/AppData/Local/Programs/MiKTeX/fonts/type1/public/amsfonts/cm/cmr12.pfb><C:/Users/edoma/AppData/Local/Programs/MiKTeX/fonts/type1/public/amsfonts/cm/cmr6.pfb><C:/Users/edoma/AppData/Local/Programs/MiKTeX/fonts/type1/public/amsfonts/cm/cmr8.pfb><C:/Users/edoma/AppData/Local/Programs/MiKTeX/fonts/type1/public/amsfonts/cm/cmsy10.pfb><C:/Users/edoma/AppData/Local/Programs/MiKTeX/fonts/type1/public/amsfonts/cm/cmsy8.pfb><C:/Users/edoma/AppData/Local/Programs/MiKTeX/fonts/type1/public/amsfonts/cm/cmti10.pfb><C:/Users/edoma/AppData/Local/Programs/MiKTeX/fonts/type1/public/amsfonts/symbols/msam10.pfb><C:/Users/edoma/AppData/Local/Programs/MiKTeX/fonts/type1/public/amsfonts/symbols/msbm10.pfb>
Output written on "Spin e sistemi a molte particelle.pdf" (18 pages, 870191 bytes).
PDF statistics:
 175 PDF objects out of 1000 (max. 8388607)
 0 named destinations out of 1000 (max. 500000)
 126 words of extra memory for PDF output out of 10000 (max. 10000000)

