This is pdfTeX, Version 3.141592653-2.6-1.40.28 (MiKTeX 25.12) (preloaded format=pdflatex 2026.2.27)  26 MAR 2026 16:54
entering extended mode
 restricted \write18 enabled.
 file:line:error style messages enabled.
 %&-line parsing enabled.
**"c:/Users/edoma/Desktop/Apunti_Latex/Quantistica/Meccanica quantistica/Meccanica quantistica.tex"
(c:/Users/edoma/Desktop/Apunti_Latex/Quantistica/Meccanica quantistica/Meccanica quantistica.tex
LaTeX2e <2025-11-01>
L3 programming layer <2025-12-24>
(C:\Users\edoma\AppData\Local\Programs\MiKTeX\tex/latex/base\article.cls
Document Class: article 2025/01/22 v1.4n Standard LaTeX document class
(C:\Users\edoma\AppData\Local\Programs\MiKTeX\tex/latex/base\size11.clo
File: size11.clo 2025/01/22 v1.4n Standard LaTeX file (size option)
)
\c@part=\count275
\c@section=\count276
\c@subsection=\count277
\c@subsubsection=\count278
\c@paragraph=\count279
\c@subparagraph=\count280
\c@figure=\count281
\c@table=\count282
\abovecaptionskip=\skip49
\belowcaptionskip=\skip50
\bibindent=\dimen148
) (C:\Users\edoma\AppData\Local\Programs\MiKTeX\tex/latex/base\inputenc.sty
Package: inputenc 2024/02/08 v1.3d Input encoding file
\inpenc@prehook=\toks17
\inpenc@posthook=\toks18
) (C:\Users\edoma\AppData\Local\Programs\MiKTeX\tex/generic/babel\babel.sty
Package: babel 2025/12/11 v25.17 The multilingual framework for LuaLaTeX, pdfLaTeX and XeLaTeX
\babel@savecnt=\count283
LaTeX Encoding Info:    Redeclaring text command \ij (encoding OT1) on input line 2068.
LaTeX Encoding Info:    Redeclaring text command \IJ (encoding OT1) on input line 2070.
LaTeX Encoding Info:    Redeclaring text command \ij (encoding T1) on input line 2072.
LaTeX Encoding Info:    Redeclaring text command \IJ (encoding T1) on input line 2073.
LaTeX Encoding Info:    Ignoring declaration for text command \ij (encoding ?) on input line 2074.
LaTeX Encoding Info:    Ignoring declaration for text command \IJ (encoding ?) on input line 2076.
LaTeX Encoding Info:    Ignoring declaration for text command \SS (encoding ?) on input line 2101.
\U@D=\dimen149
\l@unhyphenated=\language79
 (C:\Users\edoma\AppData\Local\Programs\MiKTeX\tex/generic/babel\txtbabel.def)
\bbl@readstream=\read2
\bbl@dirlevel=\count284
Package babel Info: Configuration files are deprecated, as
(babel)             they can break document portability.
(babel)             Reported on input line 4196.

*************************************
* Local config file bblopts.cfg used
*
(C:\Users\edoma\AppData\Local\Programs\MiKTeX\tex/latex/arabi\bblopts.cfg
File: bblopts.cfg 2005/09/08 v0.1 add Arabic and Farsi to "declared" options of babel
) (C:\Users\edoma\AppData\Local\Programs\MiKTeX\tex/generic/babel/locale/it\babel-italian.tex)
Package babel Info: Importing font and identification data for italian
(babel)             from babel-it.ini. Reported on input line 4320.
 (C:\Users\edoma\AppData\Local\Programs\MiKTeX\tex/latex/babel-italian\italian.ldf
Language: italian 2026/01/13 v.1.5.02 Italian support for the babel system
\it@lettering=\count285
\it@doublequoteactive=\count286
\it@ISOcompliance=\count287
)) (C:\Users\edoma\AppData\Local\Programs\MiKTeX\tex/latex/etoolbox\etoolbox.sty
Package: etoolbox 2025/10/02 v2.5m e-TeX tools for LaTeX (JAW)
\etb@tempcnta=\count288
) (C:\Users\edoma\AppData\Local\Programs\MiKTeX\tex/latex/amsmath\amsmath.sty
Package: amsmath 2025/07/09 v2.17z AMS math features
\@mathmargin=\skip51

For additional information on amsmath, use the `?' option.
(C:\Users\edoma\AppData\Local\Programs\MiKTeX\tex/latex/amsmath\amstext.sty
Package: amstext 2024/11/17 v2.01 AMS text
 (C:\Users\edoma\AppData\Local\Programs\MiKTeX\tex/latex/amsmath\amsgen.sty
File: amsgen.sty 1999/11/30 v2.0 generic functions
\@emptytoks=\toks19
\ex@=\dimen150
)) (C:\Users\edoma\AppData\Local\Programs\MiKTeX\tex/latex/amsmath\amsbsy.sty
Package: amsbsy 1999/11/29 v1.2d Bold Symbols
\pmbraise@=\dimen151
) (C:\Users\edoma\AppData\Local\Programs\MiKTeX\tex/latex/amsmath\amsopn.sty
Package: amsopn 2022/04/08 v2.04 operator names
)
\inf@bad=\count289
LaTeX Info: Redefining \frac on input line 233.
\uproot@=\count290
\leftroot@=\count291
LaTeX Info: Redefining \overline on input line 398.
LaTeX Info: Redefining \colon on input line 409.
\classnum@=\count292
\DOTSCASE@=\count293
LaTeX Info: Redefining \ldots on input line 495.
LaTeX Info: Redefining \dots on input line 498.
LaTeX Info: Redefining \cdots on input line 619.
\Mathstrutbox@=\box53
\strutbox@=\box54
LaTeX Info: Redefining \big on input line 721.
LaTeX Info: Redefining \Big on input line 722.
LaTeX Info: Redefining \bigg on input line 723.
LaTeX Info: Redefining \Bigg on input line 724.
\big@size=\dimen152
LaTeX Font Info:    Redeclaring font encoding OML on input line 742.
LaTeX Font Info:    Redeclaring font encoding OMS on input line 743.
\macc@depth=\count294
LaTeX Info: Redefining \bmod on input line 904.
LaTeX Info: Redefining \pmod on input line 909.
LaTeX Info: Redefining \smash on input line 939.
LaTeX Info: Redefining \relbar on input line 969.
LaTeX Info: Redefining \Relbar on input line 970.
\c@MaxMatrixCols=\count295
\dotsspace@=\muskip17
\c@parentequation=\count296
\dspbrk@lvl=\count297
\tag@help=\toks20
\row@=\count298
\column@=\count299
\maxfields@=\count300
\andhelp@=\toks21
\eqnshift@=\dimen153
\alignsep@=\dimen154
\tagshift@=\dimen155
\tagwidth@=\dimen156
\totwidth@=\dimen157
\lineht@=\dimen158
\@envbody=\toks22
\multlinegap=\skip52
\multlinetaggap=\skip53
\mathdisplay@stack=\toks23
LaTeX Info: Redefining \[ on input line 2950.
LaTeX Info: Redefining \] on input line 2951.
) (C:\Users\edoma\AppData\Local\Programs\MiKTeX\tex/latex/amsfonts\amssymb.sty
Package: amssymb 2013/01/14 v3.01 AMS font symbols
 (C:\Users\edoma\AppData\Local\Programs\MiKTeX\tex/latex/amsfonts\amsfonts.sty
Package: amsfonts 2013/01/14 v3.01 Basic AMSFonts support
\symAMSa=\mathgroup4
\symAMSb=\mathgroup5
LaTeX Font Info:    Redeclaring math symbol \hbar on input line 98.
LaTeX Font Info:    Overwriting math alphabet `\mathfrak' in version `bold'
(Font)                  U/euf/m/n --> U/euf/b/n on input line 106.
)) (C:\Users\edoma\AppData\Local\Programs\MiKTeX\tex/latex/cancel\cancel.sty
Package: cancel 2013/04/12 v2.2 Cancel math terms
) (C:\Users\edoma\AppData\Local\Programs\MiKTeX\tex/latex/graphics\graphicx.sty
Package: graphicx 2024/12/31 v1.2e Enhanced LaTeX Graphics (DPC,SPQR)
 (C:\Users\edoma\AppData\Local\Programs\MiKTeX\tex/latex/graphics\keyval.sty
Package: keyval 2022/05/29 v1.15 key=value parser (DPC)
\KV@toks@=\toks24
) (C:\Users\edoma\AppData\Local\Programs\MiKTeX\tex/latex/graphics\graphics.sty
Package: graphics 2024/08/06 v1.4g Standard LaTeX Graphics (DPC,SPQR)
 (C:\Users\edoma\AppData\Local\Programs\MiKTeX\tex/latex/graphics\trig.sty
Package: trig 2023/12/02 v1.11 sin cos tan (DPC)
) (C:\Users\edoma\AppData\Local\Programs\MiKTeX\tex/latex/graphics-cfg\graphics.cfg
File: graphics.cfg 2016/06/04 v1.11 sample graphics configuration
)
Package graphics Info: Driver file: pdftex.def on input line 106.
 (C:\Users\edoma\AppData\Local\Programs\MiKTeX\tex/latex/graphics-def\pdftex.def
File: pdftex.def 2025/09/29 v1.2d Graphics/color driver for pdftex
))
\Gin@req@height=\dimen159
\Gin@req@width=\dimen160
) (C:\Users\edoma\AppData\Local\Programs\MiKTeX\tex/latex/geometry\geometry.sty
Package: geometry 2020/01/02 v5.9 Page Geometry
 (C:\Users\edoma\AppData\Local\Programs\MiKTeX\tex/generic/iftex\ifvtex.sty
Package: ifvtex 2019/10/25 v1.7 ifvtex legacy package. Use iftex instead.
 (C:\Users\edoma\AppData\Local\Programs\MiKTeX\tex/generic/iftex\iftex.sty
Package: iftex 2024/12/12 v1.0g TeX engine tests
))
\Gm@cnth=\count301
\Gm@cntv=\count302
\c@Gm@tempcnt=\count303
\Gm@bindingoffset=\dimen161
\Gm@wd@mp=\dimen162
\Gm@odd@mp=\dimen163
\Gm@even@mp=\dimen164
\Gm@layoutwidth=\dimen165
\Gm@layoutheight=\dimen166
\Gm@layouthoffset=\dimen167
\Gm@layoutvoffset=\dimen168
\Gm@dimlist=\toks25
 (C:\Users\edoma\AppData\Local\Programs\MiKTeX\tex/latex/geometry\geometry.cfg)) (C:\Users\edoma\AppData\Local\Programs\MiKTeX\tex/latex/booktabs\booktabs.sty
Package: booktabs 2020/01/12 v1.61803398 Publication quality tables
\heavyrulewidth=\dimen169
\lightrulewidth=\dimen170
\cmidrulewidth=\dimen171
\belowrulesep=\dimen172
\belowbottomsep=\dimen173
\aboverulesep=\dimen174
\abovetopsep=\dimen175
\cmidrulesep=\dimen176
\cmidrulekern=\dimen177
\defaultaddspace=\dimen178
\@cmidla=\count304
\@cmidlb=\count305
\@aboverulesep=\dimen179
\@belowrulesep=\dimen180
\@thisruleclass=\count306
\@lastruleclass=\count307
\@thisrulewidth=\dimen181
) (C:\Users\edoma\AppData\Local\Programs\MiKTeX\tex/latex/multirow\multirow.sty
Package: multirow 2024/11/12 v2.9 Span multiple rows of a table
\multirow@colwidth=\skip54
\multirow@cntb=\count308
\multirow@dima=\skip55
\bigstrutjot=\dimen182
) (C:\Users\edoma\AppData\Local\Programs\MiKTeX\tex/latex/sectsty\sectsty.sty
Package: sectsty 2002/02/25 v2.0.2 Commands to change all sectional heading styles


LaTeX Warning: Command \underbar  has changed.
               Check if current package is valid.


LaTeX Warning: Command \underline  has changed.
               Check if current package is valid.

) (C:\Users\edoma\AppData\Local\Programs\MiKTeX\tex/latex/float\float.sty
Package: float 2001/11/08 v1.3d Float enhancements (AL)
\c@float@type=\count309
\float@exts=\toks26
\float@box=\box55
\@float@everytoks=\toks27
\@floatcapt=\box56
) (C:\Users\edoma\AppData\Local\Programs\MiKTeX\tex/latex/xcolor\xcolor.sty
Package: xcolor 2024/09/29 v3.02 LaTeX color extensions (UK)
 (C:\Users\edoma\AppData\Local\Programs\MiKTeX\tex/latex/graphics-cfg\color.cfg
File: color.cfg 2016/01/02 v1.6 sample color configuration
)
Package xcolor Info: Driver file: pdftex.def on input line 274.
 (C:\Users\edoma\AppData\Local\Programs\MiKTeX\tex/latex/graphics\mathcolor.ltx)
Package xcolor Info: Model `cmy' substituted by `cmy0' on input line 1349.
Package xcolor Info: Model `hsb' substituted by `rgb' on input line 1353.
Package xcolor Info: Model `RGB' extended on input line 1365.
Package xcolor Info: Model `HTML' substituted by `rgb' on input line 1367.
Package xcolor Info: Model `Hsb' substituted by `hsb' on input line 1368.
Package xcolor Info: Model `tHsb' substituted by `hsb' on input line 1369.
Package xcolor Info: Model `HSB' substituted by `hsb' on input line 1370.
Package xcolor Info: Model `Gray' substituted by `gray' on input line 1371.
Package xcolor Info: Model `wave' substituted by `hsb' on input line 1372.
) (C:\Users\edoma\AppData\Local\Programs\MiKTeX\tex/latex/l3backend\l3backend-pdftex.def
File: l3backend-pdftex.def 2025-10-09 L3 backend support: PDF output (pdfTeX)
\l__color_backend_stack_int=\count310
) (Meccanica quantistica.aux)
\openout1 = `"Meccanica quantistica.aux"'.

LaTeX Font Info:    Checking defaults for OML/cmm/m/it on input line 23.
LaTeX Font Info:    ... okay on input line 23.
LaTeX Font Info:    Checking defaults for OMS/cmsy/m/n on input line 23.
LaTeX Font Info:    ... okay on input line 23.
LaTeX Font Info:    Checking defaults for OT1/cmr/m/n on input line 23.
LaTeX Font Info:    ... okay on input line 23.
LaTeX Font Info:    Checking defaults for T1/cmr/m/n on input line 23.
LaTeX Font Info:    ... okay on input line 23.
LaTeX Font Info:    Checking defaults for TS1/cmr/m/n on input line 23.
LaTeX Font Info:    ... okay on input line 23.
LaTeX Font Info:    Checking defaults for OMX/cmex/m/n on input line 23.
LaTeX Font Info:    ... okay on input line 23.
LaTeX Font Info:    Checking defaults for U/cmr/m/n on input line 23.
LaTeX Font Info:    ... okay on input line 23.
LaTeX Info: Redefining \it@ocap on input line 23.
LaTeX Info: Redefining \it@ccap on input line 23.


File italian.ldf warning: 
italian.ldf    With OT1 encoding guillemets are poorly faked
italian.ldf    Use T1 encoding
italian.ldf    or specify a font with command \CaporaliFrom
italian.ldf    See the documentation concerning the babel-italian typesetting
italian.ldf    on input line 23.

(C:\Users\edoma\AppData\Local\Programs\MiKTeX\tex/context/base/mkii\supp-pdf.mkii
[Loading MPS to PDF converter (version 2006.09.02).]
\scratchcounter=\count311
\scratchdimen=\dimen183
\scratchbox=\box57
\nofMPsegments=\count312
\nofMParguments=\count313
\everyMPshowfont=\toks28
\MPscratchCnt=\count314
\MPscratchDim=\dimen184
\MPnumerator=\count315
\makeMPintoPDFobject=\count316
\everyMPtoPDFconversion=\toks29
) (C:\Users\edoma\AppData\Local\Programs\MiKTeX\tex/latex/epstopdf-pkg\epstopdf-base.sty
Package: epstopdf-base 2020-01-24 v2.11 Base part for package epstopdf
Package epstopdf-base Info: Redefining graphics rule for `.eps' on input line 485.
 (C:\Users\edoma\AppData\Local\Programs\MiKTeX\tex/latex/00miktex\epstopdf-sys.cfg
File: epstopdf-sys.cfg 2021/03/18 v2.0 Configuration of epstopdf for MiKTeX
))
*geometry* driver: auto-detecting
*geometry* detected driver: pdftex
*geometry* verbose mode - [ preamble ] result:
* driver: pdftex
* paper: a4paper
* layout: <same size as paper>
* layoutoffset:(h,v)=(0.0pt,0.0pt)
* modes: 
* h-part:(L,W,R)=(71.13188pt, 455.24411pt, 71.13188pt)
* v-part:(T,H,B)=(71.13188pt, 702.78308pt, 71.13188pt)
* \paperwidth=597.50787pt
* \paperheight=845.04684pt
* \textwidth=455.24411pt
* \textheight=702.78308pt
* \oddsidemargin=-1.1381pt
* \evensidemargin=-1.1381pt
* \topmargin=-38.1381pt
* \headheight=12.0pt
* \headsep=25.0pt
* \topskip=11.0pt
* \footskip=30.0pt
* \marginparwidth=50.0pt
* \marginparsep=10.0pt
* \columnsep=10.0pt
* \skip\footins=10.0pt plus 4.0pt minus 2.0pt
* \hoffset=0.0pt
* \voffset=0.0pt
* \mag=1000
* \@twocolumnfalse
* \@twosidefalse
* \@mparswitchfalse
* \@reversemarginfalse
* (1in=72.27pt=25.4mm, 1cm=28.453pt)

LaTeX Font Info:    Trying to load font information for U+msa on input line 24.
(C:\Users\edoma\AppData\Local\Programs\MiKTeX\tex/latex/amsfonts\umsa.fd
File: umsa.fd 2013/01/14 v3.01 AMS symbols A
)
LaTeX Font Info:    Trying to load font information for U+msb on input line 24.
 (C:\Users\edoma\AppData\Local\Programs\MiKTeX\tex/latex/amsfonts\umsb.fd
File: umsb.fd 2013/01/14 v3.01 AMS symbols B
) (Meccanica quantistica.toc [1

{C:/Users/edoma/AppData/Local/MiKTeX/fonts/map/pdftex/pdftex.map}])
\tf@toc=\write3
\openout3 = `"Meccanica quantistica.toc"'.

 [2]
<immagini/2026-03-21-14-38-39.png, id=14, 472.01344pt x 278.54062pt>
File: immagini/2026-03-21-14-38-39.png Graphic file (type png)
<use immagini/2026-03-21-14-38-39.png>
Package pdftex.def Info: immagini/2026-03-21-14-38-39.png  used on input line 45.
(pdftex.def)             Requested size: 136.57462pt x 80.59619pt.
<immagini/2026-03-21-14-38-12.png, id=15, 286.82156pt x 319.1925pt>
File: immagini/2026-03-21-14-38-12.png Graphic file (type png)
<use immagini/2026-03-21-14-38-12.png>
Package pdftex.def Info: immagini/2026-03-21-14-38-12.png  used on input line 49.
(pdftex.def)             Requested size: 109.2601pt x 121.5915pt.
<immagini/2026-03-21-14-37-53.png, id=16, 273.27094pt x 324.46219pt>
File: immagini/2026-03-21-14-37-53.png Graphic file (type png)
<use immagini/2026-03-21-14-37-53.png>
Package pdftex.def Info: immagini/2026-03-21-14-37-53.png  used on input line 52.
(pdftex.def)             Requested size: 109.2601pt x 129.7281pt.
<immagini/2026-03-21-14-41-12.png, id=17, 500.62032pt x 341.77687pt>
File: immagini/2026-03-21-14-41-12.png Graphic file (type png)
<use immagini/2026-03-21-14-41-12.png>
Package pdftex.def Info: immagini/2026-03-21-14-41-12.png  used on input line 83.
(pdftex.def)             Requested size: 227.62206pt x 155.3992pt.
 [3 <./immagini/2026-03-21-14-38-39.png> <./immagini/2026-03-21-14-38-12.png> <./immagini/2026-03-21-14-37-53.png> <./immagini/2026-03-21-14-41-12.png>]
<immagini/2026-03-21-14-45-24.png, id=26, 291.33844pt x 182.18062pt>
File: immagini/2026-03-21-14-45-24.png Graphic file (type png)
<use immagini/2026-03-21-14-45-24.png>
Package pdftex.def Info: immagini/2026-03-21-14-45-24.png  used on input line 132.
(pdftex.def)             Requested size: 136.57462pt x 85.40529pt.
<immagini/2026-03-21-14-45-59.png, id=27, 393.72093pt x 191.9672pt>
File: immagini/2026-03-21-14-45-59.png Graphic file (type png)
<use immagini/2026-03-21-14-45-59.png>
Package pdftex.def Info: immagini/2026-03-21-14-45-59.png  used on input line 149.
(pdftex.def)             Requested size: 136.57462pt x 66.58904pt.

Overfull \hbox (17.29938pt too wide) detected at line 156
[]
 []

[4 <./immagini/2026-03-21-14-45-24.png> <./immagini/2026-03-21-14-45-59.png>]
<immagini/2026-03-21-14-49-28.png, id=33, 366.61969pt x 219.06844pt>
File: immagini/2026-03-21-14-49-28.png Graphic file (type png)
<use immagini/2026-03-21-14-49-28.png>
Package pdftex.def Info: immagini/2026-03-21-14-49-28.png  used on input line 179.
(pdftex.def)             Requested size: 136.57462pt x 81.60893pt.
<immagini/2026-03-21-14-49-56.png, id=34, 288.3272pt x 308.65312pt>
File: immagini/2026-03-21-14-49-56.png Graphic file (type png)
<use immagini/2026-03-21-14-49-56.png>
Package pdftex.def Info: immagini/2026-03-21-14-49-56.png  used on input line 189.
(pdftex.def)             Requested size: 109.2601pt x 116.96443pt.
<immagini/2026-03-21-14-51-25.png, id=35, 461.47406pt x 231.11343pt>
File: immagini/2026-03-21-14-51-25.png Graphic file (type png)
<use immagini/2026-03-21-14-51-25.png>
Package pdftex.def Info: immagini/2026-03-21-14-51-25.png  used on input line 221.
(pdftex.def)             Requested size: 136.57462pt x 68.39651pt.
 [5 <./immagini/2026-03-21-14-49-28.png> <./immagini/2026-03-21-14-49-56.png> <./immagini/2026-03-21-14-51-25.png>]
<immagini/2026-03-21-14-57-51.png, id=39, 401.24907pt x 274.77657pt>
File: immagini/2026-03-21-14-57-51.png Graphic file (type png)
<use immagini/2026-03-21-14-57-51.png>
Package pdftex.def Info: immagini/2026-03-21-14-57-51.png  used on input line 258.
(pdftex.def)             Requested size: 136.57462pt x 93.5276pt.
<immagini/2026-03-21-14-56-04.png, id=40, 234.8775pt x 186.6975pt>
File: immagini/2026-03-21-14-56-04.png Graphic file (type png)
<use immagini/2026-03-21-14-56-04.png>
Package pdftex.def Info: immagini/2026-03-21-14-56-04.png  used on input line 262.
(pdftex.def)             Requested size: 136.57462pt x 108.55809pt.
<immagini/2026-03-21-14-55-43.png, id=41, 287.57437pt x 188.20313pt>
File: immagini/2026-03-21-14-55-43.png Graphic file (type png)
<use immagini/2026-03-21-14-55-43.png>
Package pdftex.def Info: immagini/2026-03-21-14-55-43.png  used on input line 266.
(pdftex.def)             Requested size: 136.57462pt x 89.38304pt.
<immagini/2026-03-21-15-14-04.png, id=42, 495.35063pt x 243.15843pt>
File: immagini/2026-03-21-15-14-04.png Graphic file (type png)
<use immagini/2026-03-21-15-14-04.png>
Package pdftex.def Info: immagini/2026-03-21-15-14-04.png  used on input line 283.
(pdftex.def)             Requested size: 136.57462pt x 67.04129pt.
 [6 <./immagini/2026-03-21-14-57-51.png> <./immagini/2026-03-21-14-56-04.png> <./immagini/2026-03-21-14-55-43.png> <./immagini/2026-03-21-15-14-04.png>]
<immagini/2026-03-21-15-17-29.png, id=48, 404.26031pt x 206.27063pt>
File: immagini/2026-03-21-15-17-29.png Graphic file (type png)
<use immagini/2026-03-21-15-17-29.png>
Package pdftex.def Info: immagini/2026-03-21-15-17-29.png  used on input line 310.
(pdftex.def)             Requested size: 136.57462pt x 69.68729pt.
<immagini/2026-03-21-15-18-05.png, id=49, 201.00093pt x 222.07968pt>
File: immagini/2026-03-21-15-18-05.png Graphic file (type png)
<use immagini/2026-03-21-15-18-05.png>
Package pdftex.def Info: immagini/2026-03-21-15-18-05.png  used on input line 324.
(pdftex.def)             Requested size: 95.6018pt x 105.62448pt.
<immagini/2026-03-21-15-18-24.png, id=50, 667.74469pt x 218.31563pt>
File: immagini/2026-03-21-15-18-24.png Graphic file (type png)
<use immagini/2026-03-21-15-18-24.png>
Package pdftex.def Info: immagini/2026-03-21-15-18-24.png  used on input line 335.
(pdftex.def)             Requested size: 273.14923pt x 89.30676pt.
<immagini/2026-03-21-15-19-38.png, id=51, 386.19281pt x 176.15813pt>
File: immagini/2026-03-21-15-19-38.png Graphic file (type png)
<use immagini/2026-03-21-15-19-38.png>
Package pdftex.def Info: immagini/2026-03-21-15-19-38.png  used on input line 348.
(pdftex.def)             Requested size: 136.57462pt x 62.29599pt.
 [7 <./immagini/2026-03-21-15-17-29.png> <./immagini/2026-03-21-15-18-05.png> <./immagini/2026-03-21-15-18-24.png> <./immagini/2026-03-21-15-19-38.png>]
<immagini/2026-03-21-15-23-13.png, id=56, 433.62pt x 347.04657pt>
File: immagini/2026-03-21-15-23-13.png Graphic file (type png)
<use immagini/2026-03-21-15-23-13.png>
Package pdftex.def Info: immagini/2026-03-21-15-23-13.png  used on input line 424.
(pdftex.def)             Requested size: 136.57462pt x 109.30435pt.
 [8]
Underfull \hbox (badness 10000) in paragraph at lines 436--437

 []

<immagini/2026-03-21-15-24-32.png, id=60, 396.7322pt x 358.33875pt>
File: immagini/2026-03-21-15-24-32.png Graphic file (type png)
<use immagini/2026-03-21-15-24-32.png>
Package pdftex.def Info: immagini/2026-03-21-15-24-32.png  used on input line 446.
(pdftex.def)             Requested size: 136.57462pt x 123.35907pt.
<immagini/2026-03-21-15-27-35.png, id=61, 849.1725pt x 356.0803pt>
File: immagini/2026-03-21-15-27-35.png Graphic file (type png)
<use immagini/2026-03-21-15-27-35.png>
Package pdftex.def Info: immagini/2026-03-21-15-27-35.png  used on input line 474.
(pdftex.def)             Requested size: 273.14923pt x 114.54025pt.
[9 <./immagini/2026-03-21-15-23-13.png> <./immagini/2026-03-21-15-24-32.png> <./immagini/2026-03-21-15-27-35.png>]
<immagini/2026-03-21-15-28-25.png, id=65, 878.53218pt x 368.1253pt>
File: immagini/2026-03-21-15-28-25.png Graphic file (type png)
<use immagini/2026-03-21-15-28-25.png>
Package pdftex.def Info: immagini/2026-03-21-15-28-25.png  used on input line 490.
(pdftex.def)             Requested size: 273.14923pt x 114.45468pt.
<immagini/2026-03-21-15-29-10.png, id=66, 428.35031pt x 219.06844pt>
File: immagini/2026-03-21-15-29-10.png Graphic file (type png)
<use immagini/2026-03-21-15-29-10.png>
Package pdftex.def Info: immagini/2026-03-21-15-29-10.png  used on input line 500.
(pdftex.def)             Requested size: 136.57462pt x 69.84593pt.
<immagini/2026-03-21-15-30-43.png, id=67, 765.6103pt x 435.12563pt>
File: immagini/2026-03-21-15-30-43.png Graphic file (type png)
<use immagini/2026-03-21-15-30-43.png>
Package pdftex.def Info: immagini/2026-03-21-15-30-43.png  used on input line 519.
(pdftex.def)             Requested size: 227.62206pt x 129.3635pt.
 [10 <./immagini/2026-03-21-15-28-25.png> <./immagini/2026-03-21-15-29-10.png> <./immagini/2026-03-21-15-30-43.png>]
<immagini/2026-03-21-15-31-41.png, id=71, 258.9675pt x 170.13562pt>
File: immagini/2026-03-21-15-31-41.png Graphic file (type png)
<use immagini/2026-03-21-15-31-41.png>
Package pdftex.def Info: immagini/2026-03-21-15-31-41.png  used on input line 549.
(pdftex.def)             Requested size: 136.57462pt x 89.7301pt.
<immagini/2026-03-21-15-32-00.png, id=72, 256.70906pt x 189.70876pt>
File: immagini/2026-03-21-15-32-00.png Graphic file (type png)
<use immagini/2026-03-21-15-32-00.png>
Package pdftex.def Info: immagini/2026-03-21-15-32-00.png  used on input line 567.
(pdftex.def)             Requested size: 136.57462pt x 100.93015pt.
<immagini/2026-03-21-15-33-15.png, id=73, 252.945pt x 161.85469pt>
File: immagini/2026-03-21-15-33-15.png Graphic file (type png)
<use immagini/2026-03-21-15-33-15.png>
Package pdftex.def Info: immagini/2026-03-21-15-33-15.png  used on input line 585.
(pdftex.def)             Requested size: 136.57462pt x 87.3928pt.
<immagini/2026-03-21-15-37-43.png, id=74, 257.46187pt x 176.91093pt>
File: immagini/2026-03-21-15-37-43.png Graphic file (type png)
<use immagini/2026-03-21-15-37-43.png>
Package pdftex.def Info: immagini/2026-03-21-15-37-43.png  used on input line 605.
(pdftex.def)             Requested size: 136.57462pt x 93.84602pt.
 [11 <./immagini/2026-03-21-15-31-41.png> <./immagini/2026-03-21-15-32-00.png> <./immagini/2026-03-21-15-33-15.png>]
<immagini/2026-03-21-15-43-01.png, id=79, 615.0478pt x 193.47281pt>
File: immagini/2026-03-21-15-43-01.png Graphic file (type png)
<use immagini/2026-03-21-15-43-01.png>
Package pdftex.def Info: immagini/2026-03-21-15-43-01.png  used on input line 663.
(pdftex.def)             Requested size: 227.62206pt x 71.60153pt.
 [12 <./immagini/2026-03-21-15-37-43.png>]
<immagini/2026-03-21-15-44-51.png, id=83, 767.86874pt x 305.64188pt>
File: immagini/2026-03-21-15-44-51.png Graphic file (type png)
<use immagini/2026-03-21-15-44-51.png>
Package pdftex.def Info: immagini/2026-03-21-15-44-51.png  used on input line 678.
(pdftex.def)             Requested size: 273.14923pt x 108.72514pt.
<immagini/2026-03-21-15-45-42.png, id=84, 472.76625pt x 587.94656pt>
File: immagini/2026-03-21-15-45-42.png Graphic file (type png)
<use immagini/2026-03-21-15-45-42.png>
Package pdftex.def Info: immagini/2026-03-21-15-45-42.png  used on input line 689.
(pdftex.def)             Requested size: 136.57462pt x 169.84523pt.
<immagini/2026-03-21-15-48-11.png, id=85, 249.18094pt x 242.40562pt>
File: immagini/2026-03-21-15-48-11.png Graphic file (type png)
<use immagini/2026-03-21-15-48-11.png>
Package pdftex.def Info: immagini/2026-03-21-15-48-11.png  used on input line 706.
(pdftex.def)             Requested size: 136.57462pt x 132.86484pt.
 [13 <./immagini/2026-03-21-15-43-01.png> <./immagini/2026-03-21-15-44-51.png> <./immagini/2026-03-21-15-45-42.png>]
<immagini/2026-03-21-15-51-24.png, id=91, 309.40594pt x 122.70844pt>
File: immagini/2026-03-21-15-51-24.png Graphic file (type png)
<use immagini/2026-03-21-15-51-24.png>
Package pdftex.def Info: immagini/2026-03-21-15-51-24.png  used on input line 734.
(pdftex.def)             Requested size: 113.81102pt x 45.13739pt.
<immagini/2026-03-21-15-52-48.png, id=92, 186.6975pt x 96.36pt>
File: immagini/2026-03-21-15-52-48.png Graphic file (type png)
<use immagini/2026-03-21-15-52-48.png>
Package pdftex.def Info: immagini/2026-03-21-15-52-48.png  used on input line 766.
(pdftex.def)             Requested size: 113.81102pt x 58.74127pt.
 [14 <./immagini/2026-03-21-15-48-11.png> <./immagini/2026-03-21-15-51-24.png> <./immagini/2026-03-21-15-52-48.png>]
<immagini/2026-03-21-15-55-53.png, id=97, 255.20343pt x 156.585pt>
File: immagini/2026-03-21-15-55-53.png Graphic file (type png)
<use immagini/2026-03-21-15-55-53.png>
Package pdftex.def Info: immagini/2026-03-21-15-55-53.png  used on input line 813.
(pdftex.def)             Requested size: 136.57462pt x 83.802pt.
<immagini/2026-03-21-15-56-15.png, id=98, 290.58563pt x 204.01219pt>
File: immagini/2026-03-21-15-56-15.png Graphic file (type png)
<use immagini/2026-03-21-15-56-15.png>
Package pdftex.def Info: immagini/2026-03-21-15-56-15.png  used on input line 825.
(pdftex.def)             Requested size: 136.57462pt x 95.88574pt.
 [15 <./immagini/2026-03-21-15-55-53.png> <./immagini/2026-03-21-15-56-15.png>]
<immagini/2026-03-21-16-19-40.png, id=102, 663.98062pt x 171.64125pt>
File: immagini/2026-03-21-16-19-40.png Graphic file (type png)
<use immagini/2026-03-21-16-19-40.png>
Package pdftex.def Info: immagini/2026-03-21-16-19-40.png  used on input line 850.
(pdftex.def)             Requested size: 273.14923pt x 70.60907pt.
<immagini/2026-03-21-16-26-09.png, id=103, 289.08pt x 179.92218pt>
File: immagini/2026-03-21-16-26-09.png Graphic file (type png)
<use immagini/2026-03-21-16-26-09.png>
Package pdftex.def Info: immagini/2026-03-21-16-26-09.png  used on input line 887.
(pdftex.def)             Requested size: 136.57462pt x 85.00269pt.
 [16 <./immagini/2026-03-21-16-19-40.png>]
<immagini/2026-03-21-16-32-19.png, id=107, 430.60875pt x 204.01219pt>
File: immagini/2026-03-21-16-32-19.png Graphic file (type png)
<use immagini/2026-03-21-16-32-19.png>
Package pdftex.def Info: immagini/2026-03-21-16-32-19.png  used on input line 944.
(pdftex.def)             Requested size: 182.09486pt x 86.27287pt.
 [17 <./immagini/2026-03-21-16-26-09.png>]
<immagini/2026-03-21-16-34-30.png, id=112, 681.29532pt x 194.97844pt>
File: immagini/2026-03-21-16-34-30.png Graphic file (type png)
<use immagini/2026-03-21-16-34-30.png>
Package pdftex.def Info: immagini/2026-03-21-16-34-30.png  used on input line 978.
(pdftex.def)             Requested size: 273.14923pt x 78.17146pt.
 [18 <./immagini/2026-03-21-16-32-19.png> <./immagini/2026-03-21-16-34-30.png>]
<immagini/2026-03-26-14-02-32.png, id=117, 432.11438pt x 313.9228pt>
File: immagini/2026-03-26-14-02-32.png Graphic file (type png)
<use immagini/2026-03-26-14-02-32.png>
Package pdftex.def Info: immagini/2026-03-26-14-02-32.png  used on input line 1049.
(pdftex.def)             Requested size: 136.57462pt x 99.2167pt.
 [19 <./immagini/2026-03-26-14-02-32.png>]
<immagini/2026-03-26-14-04-31.png, id=123, 995.97093pt x 219.06844pt>
File: immagini/2026-03-26-14-04-31.png Graphic file (type png)
<use immagini/2026-03-26-14-04-31.png>
Package pdftex.def Info: immagini/2026-03-26-14-04-31.png  used on input line 1081.
(pdftex.def)             Requested size: 318.66948pt x 70.09329pt.
<immagini/2026-03-26-14-05-17.png, id=124, 986.9372pt x 233.37187pt>
File: immagini/2026-03-26-14-05-17.png Graphic file (type png)
<use immagini/2026-03-26-14-05-17.png>
Package pdftex.def Info: immagini/2026-03-26-14-05-17.png  used on input line 1089.
(pdftex.def)             Requested size: 318.66948pt x 75.35353pt.
 [20 <./immagini/2026-03-26-14-04-31.png> <./immagini/2026-03-26-14-05-17.png>]
<immagini/2026-03-26-14-14-55.png, id=128, 469.00218pt x 246.1697pt>
File: immagini/2026-03-26-14-14-55.png Graphic file (type png)
<use immagini/2026-03-26-14-14-55.png>
Package pdftex.def Info: immagini/2026-03-26-14-14-55.png  used on input line 1153.
(pdftex.def)             Requested size: 136.57462pt x 71.68411pt.
<immagini/2026-03-26-14-16-02.png, id=129, 376.40625pt x 219.82124pt>
File: immagini/2026-03-26-14-16-02.png Graphic file (type png)
<use immagini/2026-03-26-14-16-02.png>
Package pdftex.def Info: immagini/2026-03-26-14-16-02.png  used on input line 1166.
(pdftex.def)             Requested size: 136.57462pt x 79.75946pt.
 [21 <./immagini/2026-03-26-14-14-55.png> <./immagini/2026-03-26-14-16-02.png>] [22]
<immagini/2026-03-26-14-40-37.png, id=136, 816.80156pt x 213.79875pt>
File: immagini/2026-03-26-14-40-37.png Graphic file (type png)
<use immagini/2026-03-26-14-40-37.png>
Package pdftex.def Info: immagini/2026-03-26-14-40-37.png  used on input line 1262.
(pdftex.def)             Requested size: 318.66948pt x 83.41379pt.
 [23 <./immagini/2026-03-26-14-40-37.png>] [24]
<immagini/2026-03-26-14-54-12.png, id=144, 301.8778pt x 112.16907pt>
File: immagini/2026-03-26-14-54-12.png Graphic file (type png)
<use immagini/2026-03-26-14-54-12.png>
Package pdftex.def Info: immagini/2026-03-26-14-54-12.png  used on input line 1379.
(pdftex.def)             Requested size: 136.57462pt x 50.74603pt.
 [25 <./immagini/2026-03-26-14-54-12.png>] [26] [27] [28] [29] [30] (Meccanica quantistica.aux)
 ***********
LaTeX2e <2025-11-01>
L3 programming layer <2025-12-24>
 ***********
 ) 
Here is how much of TeX's memory you used:
 5863 strings out of 467871
 98921 string characters out of 5418376
 532055 words of memory out of 5000000
 34664 multiletter control sequences out of 15000+600000
 640062 words of font info for 86 fonts, out of 8000000 for 9000
 1141 hyphenation exceptions out of 8191
 57i,18n,65p,577b,372s stack positions out of 10000i,1000n,20000p,200000b,200000s
 <C:\Users\edoma\AppData\Local\MiKTeX\fonts/pk/ljfour/jknappen/ec/dpi600\tcrm1095.pk><C:/Users/edoma/AppData/Local/Programs/MiKTeX/fonts/type1/public/amsfonts/cm/cmbx10.pfb><C:/Users/edoma/AppData/Local/Programs/MiKTeX/fonts/type1/public/amsfonts/cm/cmbx12.pfb><C:/Users/edoma/AppData/Local/Programs/MiKTeX/fonts/type1/public/amsfonts/cm/cmbx8.pfb><C:/Users/edoma/AppData/Local/Programs/MiKTeX/fonts/type1/public/amsfonts/cm/cmex10.pfb><C:/Users/edoma/AppData/Local/Programs/MiKTeX/fonts/type1/public/amsfonts/cmextra/cmex8.pfb><C:/Users/edoma/AppData/Local/Programs/MiKTeX/fonts/type1/public/amsfonts/cm/cmmi10.pfb><C:/Users/edoma/AppData/Local/Programs/MiKTeX/fonts/type1/public/amsfonts/cm/cmmi12.pfb><C:/Users/edoma/AppData/Local/Programs/MiKTeX/fonts/type1/public/amsfonts/cm/cmmi6.pfb><C:/Users/edoma/AppData/Local/Programs/MiKTeX/fonts/type1/public/amsfonts/cm/cmmi8.pfb><C:/Users/edoma/AppData/Local/Programs/MiKTeX/fonts/type1/public/amsfonts/cm/cmr10.pfb><C:/Users/edoma/AppData/Local/Programs/MiKTeX/fonts/type1/public/amsfonts/cm/cmr12.pfb><C:/Users/edoma/AppData/Local/Programs/MiKTeX/fonts/type1/public/amsfonts/cm/cmr6.pfb><C:/Users/edoma/AppData/Local/Programs/MiKTeX/fonts/type1/public/amsfonts/cm/cmr8.pfb><C:/Users/edoma/AppData/Local/Programs/MiKTeX/fonts/type1/public/amsfonts/cm/cmsy10.pfb><C:/Users/edoma/AppData/Local/Programs/MiKTeX/fonts/type1/public/amsfonts/cm/cmsy6.pfb><C:/Users/edoma/AppData/Local/Programs/MiKTeX/fonts/type1/public/amsfonts/cm/cmsy8.pfb><C:/Users/edoma/AppData/Local/Programs/MiKTeX/fonts/type1/public/amsfonts/cm/cmti10.pfb><C:/Users/edoma/AppData/Local/Programs/MiKTeX/fonts/type1/public/amsfonts/latxfont/line10.pfb><C:/Users/edoma/AppData/Local/Programs/MiKTeX/fonts/type1/public/amsfonts/symbols/msam10.pfb><C:/Users/edoma/AppData/Local/Programs/MiKTeX/fonts/type1/public/amsfonts/symbols/msbm10.pfb><C:/Users/edoma/AppData/Local/Programs/MiKTeX/fonts/type1/public/amsfonts/symbols/msbm7.pfb>
Output written on "Meccanica quantistica.pdf" (30 pages, 1692974 bytes).
PDF statistics:
 254 PDF objects out of 1000 (max. 8388607)
 0 named destinations out of 1000 (max. 500000)
 231 words of extra memory for PDF output out of 10000 (max. 10000000)

